
Running 1 test using 1 worker

[1A[2K[1/1] [chromium] ??tests\address.spec.ts:3:1 ??signup and add address
[1A[2K  1) [chromium] ??tests\address.spec.ts:3:1 ??signup and add address ???????????????????????????????

    Error: browserType.launch: Executable doesn't exist at C:\Users\lepap\AppData\Local\ms-playwright\chromium_headless_shell-1200\chrome-headless-shell-win64\chrome-headless-shell.exe
    ?붴븧?먥븧?먥븧?먥븧?먥븧?먥븧?먥븧?먥븧?먥븧?먥븧?먥븧?먥븧?먥븧?먥븧?먥븧?먥븧?먥븧?먥븧?먥븧?먥븧?먥븧?먥븧?먥븧?먥븧?먥븧?먥븧?먥븧?먥븧?먥븧?먥븧?먥븧?먥븧?먥븧?먥븧?먥븧?먥븧?먥븧??    ??Looks like Playwright Test or Playwright was just installed or updated. ??    ??Please run the following command to download new browsers:              ??    ??                                                                        ??    ??    npx playwright install                                              ??    ??                                                                        ??    ??<3 Playwright Team                                                      ??    ?싢븧?먥븧?먥븧?먥븧?먥븧?먥븧?먥븧?먥븧?먥븧?먥븧?먥븧?먥븧?먥븧?먥븧?먥븧?먥븧?먥븧?먥븧?먥븧?먥븧?먥븧?먥븧?먥븧?먥븧?먥븧?먥븧?먥븧?먥븧?먥븧?먥븧?먥븧?먥븧?먥븧?먥븧?먥븧?먥븧?먥븧??

[1A[2K  1 failed
    [chromium] ??tests\address.spec.ts:3:1 ??signup and add address ????????????????????????????????

[36m  Serving HTML report at http://localhost:53806. Press Ctrl+C to quit.[39m
